≡ƒôº Testing Email Configuration...

Configuration:
- SMTP_HOST: smtp.gmail.com
- SMTP_PORT: 587
- SMTP_SECURE: false
- SMTP_USER: 221400060@gift.edu.pk
- SMTP_PASS: ***wwpz


[2026-02-03 09:24:14] DEBUG Creating transport: nodemailer (7.0.13; +https://nodemailer.com/; SMTP/7.0.13[client:7.0.13])
≡ƒöì Verifying SMTP connection...

[2026-02-03 09:24:15] DEBUG [PlhgRjcaxw] Resolved smtp.gmail.com as 74.125.133.109 [cache miss]
[2026-02-03 09:24:15] INFO  [PlhgRjcaxw] Connection established to 74.125.133.109:587
[2026-02-03 09:24:15] DEBUG [PlhgRjcaxw] S: 220 smtp.gmail.com ESMTP 5b1f17b1804b1-482db623407sm146598505e9.0 - gsmtp
[2026-02-03 09:24:15] DEBUG [PlhgRjcaxw] C: EHLO [127.0.0.1]
[2026-02-03 09:24:15] DEBUG [PlhgRjcaxw] S: 250-smtp.gmail.com at your service, [182.184.68.148]
[2026-02-03 09:24:15] DEBUG [PlhgRjcaxw] S: 250-SIZE 35882577
[2026-02-03 09:24:15] DEBUG [PlhgRjcaxw] S: 250-8BITMIME
[2026-02-03 09:24:15] DEBUG [PlhgRjcaxw] S: 250-STARTTLS
[2026-02-03 09:24:15] DEBUG [PlhgRjcaxw] S: 250-ENHANCEDSTATUSCODES
[2026-02-03 09:24:15] DEBUG [PlhgRjcaxw] S: 250-PIPELINING
[2026-02-03 09:24:15] DEBUG [PlhgRjcaxw] S: 250-CHUNKING
[2026-02-03 09:24:15] DEBUG [PlhgRjcaxw] S: 250 SMTPUTF8
[2026-02-03 09:24:15] DEBUG [PlhgRjcaxw] C: STARTTLS
[2026-02-03 09:24:15] DEBUG [PlhgRjcaxw] S: 220 2.0.0 Ready to start TLS
[2026-02-03 09:24:16] INFO  [PlhgRjcaxw] Connection upgraded with STARTTLS
[2026-02-03 09:24:16] DEBUG [PlhgRjcaxw] C: EHLO [127.0.0.1]
[2026-02-03 09:24:16] DEBUG [PlhgRjcaxw] S: 250-smtp.gmail.com at your service, [182.184.68.148]
[2026-02-03 09:24:16] DEBUG [PlhgRjcaxw] S: 250-SIZE 35882577
[2026-02-03 09:24:16] DEBUG [PlhgRjcaxw] S: 250-8BITMIME
[2026-02-03 09:24:16] DEBUG [PlhgRjcaxw] S: 250-AUTH LOGIN PLAIN XOAUTH2 PLAIN-CLIENTTOKEN OAUTHBEARER XOAUTH
[2026-02-03 09:24:16] DEBUG [PlhgRjcaxw] S: 250-ENHANCEDSTATUSCODES
[2026-02-03 09:24:16] DEBUG [PlhgRjcaxw] S: 250-PIPELINING
[2026-02-03 09:24:16] DEBUG [PlhgRjcaxw] S: 250-CHUNKING
[2026-02-03 09:24:16] DEBUG [PlhgRjcaxw] S: 250 SMTPUTF8
[2026-02-03 09:24:16] DEBUG [PlhgRjcaxw] SMTP handshake finished
[2026-02-03 09:24:16] DEBUG [PlhgRjcaxw] C: AUTH PLAIN ADIyMTQwMDA2MEBnaWZ0LmVkdS5wawAvKiBzZWNyZXQgKi8=
[2026-02-03 09:24:16] DEBUG [PlhgRjcaxw] S: 235 2.7.0 Accepted
[2026-02-03 09:24:16] INFO  [PlhgRjcaxw] User "221400060@gift.edu.pk" authenticated
[2026-02-03 09:24:16] DEBUG [PlhgRjcaxw] C: QUIT
Γ£à SMTP connection verified successfully!

≡ƒôñ Sending test email...

[2026-02-03 09:24:16] DEBUG Sending mail using SMTP/7.0.13[client:7.0.13]
[2026-02-03 09:24:16] DEBUG [HUNcVlC3qg] Resolved smtp.gmail.com as 74.125.133.109 [cache hit]
[2026-02-03 09:24:16] DEBUG [PlhgRjcaxw] S: 221 2.0.0 closing connection 5b1f17b1804b1-482db623407sm146598505e9.0 - gsmtp
[2026-02-03 09:24:16] DEBUG [PlhgRjcaxw] Closing connection to the server using "end"
[2026-02-03 09:24:16] INFO  [PlhgRjcaxw] Connection closed
[2026-02-03 09:24:16] INFO  [HUNcVlC3qg] Connection established to 74.125.133.109:587
[2026-02-03 09:24:17] DEBUG [HUNcVlC3qg] S: 220 smtp.gmail.com ESMTP 5b1f17b1804b1-483051287cfsm80783445e9.6 - gsmtp
[2026-02-03 09:24:17] DEBUG [HUNcVlC3qg] C: EHLO [127.0.0.1]
[2026-02-03 09:24:17] DEBUG [HUNcVlC3qg] S: 250-smtp.gmail.com at your service, [182.184.68.148]
[2026-02-03 09:24:17] DEBUG [HUNcVlC3qg] S: 250-SIZE 35882577
[2026-02-03 09:24:17] DEBUG [HUNcVlC3qg] S: 250-8BITMIME
[2026-02-03 09:24:17] DEBUG [HUNcVlC3qg] S: 250-STARTTLS
[2026-02-03 09:24:17] DEBUG [HUNcVlC3qg] S: 250-ENHANCEDSTATUSCODES
[2026-02-03 09:24:17] DEBUG [HUNcVlC3qg] S: 250-PIPELINING
[2026-02-03 09:24:17] DEBUG [HUNcVlC3qg] S: 250-CHUNKING
[2026-02-03 09:24:17] DEBUG [HUNcVlC3qg] S: 250 SMTPUTF8
[2026-02-03 09:24:17] DEBUG [HUNcVlC3qg] C: STARTTLS
[2026-02-03 09:24:17] DEBUG [HUNcVlC3qg] S: 220 2.0.0 Ready to start TLS
[2026-02-03 09:24:17] INFO  [HUNcVlC3qg] Connection upgraded with STARTTLS
[2026-02-03 09:24:17] DEBUG [HUNcVlC3qg] C: EHLO [127.0.0.1]
[2026-02-03 09:24:17] DEBUG [HUNcVlC3qg] S: 250-smtp.gmail.com at your service, [182.184.68.148]
[2026-02-03 09:24:17] DEBUG [HUNcVlC3qg] S: 250-SIZE 35882577
[2026-02-03 09:24:17] DEBUG [HUNcVlC3qg] S: 250-8BITMIME
[2026-02-03 09:24:17] DEBUG [HUNcVlC3qg] S: 250-AUTH LOGIN PLAIN XOAUTH2 PLAIN-CLIENTTOKEN OAUTHBEARER XOAUTH
[2026-02-03 09:24:17] DEBUG [HUNcVlC3qg] S: 250-ENHANCEDSTATUSCODES
[2026-02-03 09:24:17] DEBUG [HUNcVlC3qg] S: 250-PIPELINING
[2026-02-03 09:24:17] DEBUG [HUNcVlC3qg] S: 250-CHUNKING
[2026-02-03 09:24:17] DEBUG [HUNcVlC3qg] S: 250 SMTPUTF8
[2026-02-03 09:24:17] DEBUG [HUNcVlC3qg] SMTP handshake finished
[2026-02-03 09:24:17] DEBUG [HUNcVlC3qg] C: AUTH PLAIN ADIyMTQwMDA2MEBnaWZ0LmVkdS5wawAvKiBzZWNyZXQgKi8=
[2026-02-03 09:24:18] DEBUG [HUNcVlC3qg] S: 235 2.7.0 Accepted
[2026-02-03 09:24:18] INFO  [HUNcVlC3qg] User "221400060@gift.edu.pk" authenticated
[2026-02-03 09:24:18] INFO  Sending message <277ff764-ded6-b989-1438-8908f2555a15@gift.edu.pk> to <221400060@gift.edu.pk>
[2026-02-03 09:24:18] DEBUG [HUNcVlC3qg] C: MAIL FROM:<221400060@gift.edu.pk>
[2026-02-03 09:24:18] DEBUG [HUNcVlC3qg] S: 250 2.1.0 OK 5b1f17b1804b1-483051287cfsm80783445e9.6 - gsmtp
[2026-02-03 09:24:18] DEBUG [HUNcVlC3qg] C: RCPT TO:<221400060@gift.edu.pk>
[2026-02-03 09:24:18] DEBUG [HUNcVlC3qg] S: 250 2.1.5 OK 5b1f17b1804b1-483051287cfsm80783445e9.6 - gsmtp
[2026-02-03 09:24:18] DEBUG [HUNcVlC3qg] C: DATA
[2026-02-03 09:24:18] DEBUG [HUNcVlC3qg] S: 354 Go ahead 5b1f17b1804b1-483051287cfsm80783445e9.6 - gsmtp
[2026-02-03 09:24:18] DEBUG [HUNcVlC3qg] From: FashionVerse <221400060@gift.edu.pk>
[2026-02-03 09:24:18] DEBUG [HUNcVlC3qg] To: 221400060@gift.edu.pk
[2026-02-03 09:24:18] DEBUG [HUNcVlC3qg] Subject: Test Email - FashionVerse SMTP Setup
[2026-02-03 09:24:18] DEBUG [HUNcVlC3qg] Message-ID: <277ff764-ded6-b989-1438-8908f2555a15@gift.edu.pk>
[2026-02-03 09:24:18] DEBUG [HUNcVlC3qg] Content-Transfer-Encoding: quoted-printable
[2026-02-03 09:24:18] DEBUG [HUNcVlC3qg] Date: Tue, 03 Feb 2026 09:24:16 +0000
[2026-02-03 09:24:18] DEBUG [HUNcVlC3qg] MIME-Version: 1.0
[2026-02-03 09:24:18] DEBUG [HUNcVlC3qg] Content-Type: text/html; charset=utf-8
[2026-02-03 09:24:18] DEBUG [HUNcVlC3qg] 
[2026-02-03 09:24:18] DEBUG [HUNcVlC3qg] 
[2026-02-03 09:24:18] DEBUG [HUNcVlC3qg]         <div style=3D"font-family: Arial, sans-serif; max-width: 500px; =
[2026-02-03 09:24:18] DEBUG [HUNcVlC3qg] margin: 0 auto; padding: 20px;">
[2026-02-03 09:24:18] DEBUG [HUNcVlC3qg]           <h2 style=3D"color: =
[2026-02-03 09:24:18] DEBUG [HUNcVlC3qg] #0f172a;">=E2=9C=85 SMTP Configuration Successful!</h2>
[2026-02-03 09:24:18] DEBUG [HUNcVlC3qg]           <p>Your email service is properly configured and working.</p>
[2026-02-03 09:24:18] DEBUG [HUNcVlC3qg]           <p><strong>Test Time:</strong> 2/3/2026, 2:24:16 PM</p>
[2026-02-03 09:24:18] DEBUG [HUNcVlC3qg]           <hr style=3D"border: 1px solid #e2e8f0; margin: 20px 0;">
[2026-02-03 09:24:18] DEBUG [HUNcVlC3qg]           <p style=3D"color: #64748b; font-size: 12px;">
[2026-02-03 09:24:18] DEBUG [HUNcVlC3qg]             This is a test email from FashionVerse server.
[2026-02-03 09:24:18] DEBUG [HUNcVlC3qg]           </p>
[2026-02-03 09:24:18] DEBUG [HUNcVlC3qg]         </div>
[2026-02-03 09:24:18] DEBUG [HUNcVlC3qg]      =20
[2026-02-03 09:24:18] DEBUG [HUNcVlC3qg] .
[2026-02-03 09:24:18] INFO  [HUNcVlC3qg] <900 bytes encoded mime message (source size 887 bytes)>
[2026-02-03 09:24:19] DEBUG [HUNcVlC3qg] S: 250 2.0.0 OK  1770110673 5b1f17b1804b1-483051287cfsm80783445e9.6 - gsmtp
[2026-02-03 09:24:19] DEBUG [HUNcVlC3qg] Closing connection to the server using "end"
Γ£à Test email sent successfully!
≡ƒô¼ Message ID: <277ff764-ded6-b989-1438-8908f2555a15@gift.edu.pk>

≡ƒÄë Email configuration is working perfectly!

[2026-02-03 09:24:19] INFO  [HUNcVlC3qg] Connection closed

